// Vitest Snapshot v1, https://vitest.dev/guide/snapshot.html

exports[`should execute toJsonb correctly 1`] = `
[
  {
    "to_jsonb": "{"test":0}",
  },
]
`;
