// Vitest Snapshot v1, https://vitest.dev/guide/snapshot.html

exports[`should execute toJson correctly 1`] = `
[
  {
    "to_json": "{"test":0}",
  },
]
`;
